------------------------------------------------------------
TimeQuest Timing Analyzer Summary
------------------------------------------------------------

Type  : Slow 1200mV 85C Model Setup 'div_clk:dc|clk1'
Slack : -10.606
TNS   : -257.610

Type  : Slow 1200mV 85C Model Setup 'clk50'
Slack : -4.142
TNS   : -74.404

Type  : Slow 1200mV 85C Model Hold 'div_clk:dc|clk1'
Slack : 0.403
TNS   : 0.000

Type  : Slow 1200mV 85C Model Hold 'clk50'
Slack : 0.654
TNS   : 0.000

Type  : Slow 1200mV 85C Model Minimum Pulse Width 'clk50'
Slack : -3.000
TNS   : -45.405

Type  : Slow 1200mV 85C Model Minimum Pulse Width 'div_clk:dc|clk1'
Slack : -1.285
TNS   : -57.825

Type  : Slow 1200mV 0C Model Setup 'div_clk:dc|clk1'
Slack : -9.523
TNS   : -230.171

Type  : Slow 1200mV 0C Model Setup 'clk50'
Slack : -3.723
TNS   : -63.526

Type  : Slow 1200mV 0C Model Hold 'div_clk:dc|clk1'
Slack : 0.353
TNS   : 0.000

Type  : Slow 1200mV 0C Model Hold 'clk50'
Slack : 0.598
TNS   : 0.000

Type  : Slow 1200mV 0C Model Minimum Pulse Width 'clk50'
Slack : -3.000
TNS   : -45.405

Type  : Slow 1200mV 0C Model Minimum Pulse Width 'div_clk:dc|clk1'
Slack : -1.285
TNS   : -57.825

Type  : Fast 1200mV 0C Model Setup 'div_clk:dc|clk1'
Slack : -4.636
TNS   : -101.022

Type  : Fast 1200mV 0C Model Setup 'clk50'
Slack : -1.571
TNS   : -19.672

Type  : Fast 1200mV 0C Model Hold 'div_clk:dc|clk1'
Slack : 0.179
TNS   : 0.000

Type  : Fast 1200mV 0C Model Hold 'clk50'
Slack : 0.297
TNS   : 0.000

Type  : Fast 1200mV 0C Model Minimum Pulse Width 'clk50'
Slack : -3.000
TNS   : -38.029

Type  : Fast 1200mV 0C Model Minimum Pulse Width 'div_clk:dc|clk1'
Slack : -1.000
TNS   : -45.000

------------------------------------------------------------
