Analysis & Synthesis report for main
Fri Oct 16 20:02:49 2020
Quartus Prime Version 17.1.0 Build 590 10/25/2017 SJ Lite Edition


---------------------
; Table of Contents ;
---------------------
  1. Legal Notice
  2. Analysis & Synthesis Summary
  3. Analysis & Synthesis Settings
  4. Parallel Compilation
  5. Analysis & Synthesis Source Files Read
  6. Analysis & Synthesis Resource Usage Summary
  7. Analysis & Synthesis Resource Utilization by Entity
  8. General Register Statistics
  9. Multiplexer Restructuring Statistics (Restructuring Performed)
 10. Parameter Settings for Inferred Entity Instance: lpm_divide:Div0
 11. Parameter Settings for Inferred Entity Instance: lpm_divide:Div1
 12. Parameter Settings for Inferred Entity Instance: lpm_divide:Mod0
 13. Parameter Settings for Inferred Entity Instance: lpm_divide:Div2
 14. Parameter Settings for Inferred Entity Instance: lpm_divide:Mod1
 15. Parameter Settings for Inferred Entity Instance: lpm_divide:Div3
 16. Parameter Settings for Inferred Entity Instance: lpm_divide:Mod2
 17. Parameter Settings for Inferred Entity Instance: lpm_divide:Mod3
 18. Post-Synthesis Netlist Statistics for Top Partition
 19. Elapsed Time Per Partition
 20. Analysis & Synthesis Messages



----------------
; Legal Notice ;
----------------
Copyright (C) 2017  Intel Corporation. All rights reserved.
Your use of Intel Corporation's design tools, logic functions 
and other software and tools, and its AMPP partner logic 
functions, and any output files from any of the foregoing 
(including device programming or simulation files), and any 
associated documentation or information are expressly subject 
to the terms and conditions of the Intel Program License 
Subscription Agreement, the Intel Quartus Prime License Agreement,
the Intel FPGA IP License Agreement, or other applicable license
agreement, including, without limitation, that your use is for
the sole purpose of programming logic devices manufactured by
Intel and sold by Intel or its authorized distributors.  Please
refer to the applicable agreement for further details.



+----------------------------------------------------------------------------------+
; Analysis & Synthesis Summary                                                     ;
+------------------------------------+---------------------------------------------+
; Analysis & Synthesis Status        ; Successful - Fri Oct 16 20:02:48 2020       ;
; Quartus Prime Version              ; 17.1.0 Build 590 10/25/2017 SJ Lite Edition ;
; Revision Name                      ; main                                        ;
; Top-level Entity Name              ; main                                        ;
; Family                             ; Cyclone IV E                                ;
; Total logic elements               ; 1,286                                       ;
;     Total combinational functions  ; 1,286                                       ;
;     Dedicated logic registers      ; 0                                           ;
; Total registers                    ; 0                                           ;
; Total pins                         ; 87                                          ;
; Total virtual pins                 ; 0                                           ;
; Total memory bits                  ; 0                                           ;
; Embedded Multiplier 9-bit elements ; 0                                           ;
; Total PLLs                         ; 0                                           ;
+------------------------------------+---------------------------------------------+


+----------------------------------------------------------------------------------------------------------------------+
; Analysis & Synthesis Settings                                                                                        ;
+----------------------------------------------------------------------------+--------------------+--------------------+
; Option                                                                     ; Setting            ; Default Value      ;
+----------------------------------------------------------------------------+--------------------+--------------------+
; Device                                                                     ; EP4CE115F29C7      ;                    ;
; Top-level entity name                                                      ; main               ; main               ;
; Family name                                                                ; Cyclone IV E       ; Cyclone V          ;
; Use smart compilation                                                      ; Off                ; Off                ;
; Enable parallel Assembler and TimeQuest Timing Analyzer during compilation ; On                 ; On                 ;
; Enable compact report table                                                ; Off                ; Off                ;
; Restructure Multiplexers                                                   ; Auto               ; Auto               ;
; Create Debugging Nodes for IP Cores                                        ; Off                ; Off                ;
; Preserve fewer node names                                                  ; On                 ; On                 ;
; Intel FPGA IP Evaluation Mode                                              ; Enable             ; Enable             ;
; Verilog Version                                                            ; Verilog_2001       ; Verilog_2001       ;
; VHDL Version                                                               ; VHDL_1993          ; VHDL_1993          ;
; State Machine Processing                                                   ; Auto               ; Auto               ;
; Safe State Machine                                                         ; Off                ; Off                ;
; Extract Verilog State Machines                                             ; On                 ; On                 ;
; Extract VHDL State Machines                                                ; On                 ; On                 ;
; Ignore Verilog initial constructs                                          ; Off                ; Off                ;
; Iteration limit for constant Verilog loops                                 ; 5000               ; 5000               ;
; Iteration limit for non-constant Verilog loops                             ; 250                ; 250                ;
; Add Pass-Through Logic to Inferred RAMs                                    ; On                 ; On                 ;
; Infer RAMs from Raw Logic                                                  ; On                 ; On                 ;
; Parallel Synthesis                                                         ; On                 ; On                 ;
; DSP Block Balancing                                                        ; Auto               ; Auto               ;
; NOT Gate Push-Back                                                         ; On                 ; On                 ;
; Power-Up Don't Care                                                        ; On                 ; On                 ;
; Remove Redundant Logic Cells                                               ; Off                ; Off                ;
; Remove Duplicate Registers                                                 ; On                 ; On                 ;
; Ignore CARRY Buffers                                                       ; Off                ; Off                ;
; Ignore CASCADE Buffers                                                     ; Off                ; Off                ;
; Ignore GLOBAL Buffers                                                      ; Off                ; Off                ;
; Ignore ROW GLOBAL Buffers                                                  ; Off                ; Off                ;
; Ignore LCELL Buffers                                                       ; Off                ; Off                ;
; Ignore SOFT Buffers                                                        ; On                 ; On                 ;
; Limit AHDL Integers to 32 Bits                                             ; Off                ; Off                ;
; Optimization Technique                                                     ; Balanced           ; Balanced           ;
; Carry Chain Length                                                         ; 70                 ; 70                 ;
; Auto Carry Chains                                                          ; On                 ; On                 ;
; Auto Open-Drain Pins                                                       ; On                 ; On                 ;
; Perform WYSIWYG Primitive Resynthesis                                      ; Off                ; Off                ;
; Auto ROM Replacement                                                       ; On                 ; On                 ;
; Auto RAM Replacement                                                       ; On                 ; On                 ;
; Auto DSP Block Replacement                                                 ; On                 ; On                 ;
; Auto Shift Register Replacement                                            ; Auto               ; Auto               ;
; Allow Shift Register Merging across Hierarchies                            ; Auto               ; Auto               ;
; Auto Clock Enable Replacement                                              ; On                 ; On                 ;
; Strict RAM Replacement                                                     ; Off                ; Off                ;
; Allow Synchronous Control Signals                                          ; On                 ; On                 ;
; Force Use of Synchronous Clear Signals                                     ; Off                ; Off                ;
; Auto RAM Block Balancing                                                   ; On                 ; On                 ;
; Auto RAM to Logic Cell Conversion                                          ; Off                ; Off                ;
; Auto Resource Sharing                                                      ; Off                ; Off                ;
; Allow Any RAM Size For Recognition                                         ; Off                ; Off                ;
; Allow Any ROM Size For Recognition                                         ; Off                ; Off                ;
; Allow Any Shift Register Size For Recognition                              ; Off                ; Off                ;
; Use LogicLock Constraints during Resource Balancing                        ; On                 ; On                 ;
; Ignore translate_off and synthesis_off directives                          ; Off                ; Off                ;
; Timing-Driven Synthesis                                                    ; On                 ; On                 ;
; Report Parameter Settings                                                  ; On                 ; On                 ;
; Report Source Assignments                                                  ; On                 ; On                 ;
; Report Connectivity Checks                                                 ; On                 ; On                 ;
; Ignore Maximum Fan-Out Assignments                                         ; Off                ; Off                ;
; Synchronization Register Chain Length                                      ; 2                  ; 2                  ;
; Power Optimization During Synthesis                                        ; Normal compilation ; Normal compilation ;
; HDL message level                                                          ; Level2             ; Level2             ;
; Suppress Register Optimization Related Messages                            ; Off                ; Off                ;
; Number of Removed Registers Reported in Synthesis Report                   ; 5000               ; 5000               ;
; Number of Swept Nodes Reported in Synthesis Report                         ; 5000               ; 5000               ;
; Number of Inverted Registers Reported in Synthesis Report                  ; 100                ; 100                ;
; Clock MUX Protection                                                       ; On                 ; On                 ;
; Auto Gated Clock Conversion                                                ; Off                ; Off                ;
; Block Design Naming                                                        ; Auto               ; Auto               ;
; SDC constraint protection                                                  ; Off                ; Off                ;
; Synthesis Effort                                                           ; Auto               ; Auto               ;
; Shift Register Replacement - Allow Asynchronous Clear Signal               ; On                 ; On                 ;
; Pre-Mapping Resynthesis Optimization                                       ; Off                ; Off                ;
; Analysis & Synthesis Message Level                                         ; Medium             ; Medium             ;
; Disable Register Merging Across Hierarchies                                ; Auto               ; Auto               ;
; Resource Aware Inference For Block RAM                                     ; On                 ; On                 ;
+----------------------------------------------------------------------------+--------------------+--------------------+


+------------------------------------------+
; Parallel Compilation                     ;
+----------------------------+-------------+
; Processors                 ; Number      ;
+----------------------------+-------------+
; Number detected on machine ; 8           ;
; Maximum allowed            ; 4           ;
;                            ;             ;
; Average used               ; 1.00        ;
; Maximum used               ; 1           ;
;                            ;             ;
; Usage by Processor         ; % Time Used ;
;     Processor 1            ; 100.0%      ;
+----------------------------+-------------+


+-------------------------------------------------------------------------------------------------------------------------------------------------------------------------+
; Analysis & Synthesis Source Files Read                                                                                                                                  ;
+----------------------------------+-----------------+------------------------------+---------------------------------------------------------------------------+---------+
; File Name with User-Entered Path ; Used in Netlist ; File Type                    ; File Name with Absolute Path                                              ; Library ;
+----------------------------------+-----------------+------------------------------+---------------------------------------------------------------------------+---------+
; main.v                           ; yes             ; User Verilog HDL File        ; C:/Users/lance/Desktop/QuartusWorkSpace/sj2_t5/main.v                     ;         ;
; lpm_divide.tdf                   ; yes             ; Megafunction                 ; d:/quartus/quartus/libraries/megafunctions/lpm_divide.tdf                 ;         ;
; abs_divider.inc                  ; yes             ; Megafunction                 ; d:/quartus/quartus/libraries/megafunctions/abs_divider.inc                ;         ;
; sign_div_unsign.inc              ; yes             ; Megafunction                 ; d:/quartus/quartus/libraries/megafunctions/sign_div_unsign.inc            ;         ;
; aglobal171.inc                   ; yes             ; Megafunction                 ; d:/quartus/quartus/libraries/megafunctions/aglobal171.inc                 ;         ;
; db/lpm_divide_jkm.tdf            ; yes             ; Auto-Generated Megafunction  ; C:/Users/lance/Desktop/QuartusWorkSpace/sj2_t5/db/lpm_divide_jkm.tdf      ;         ;
; db/sign_div_unsign_bnh.tdf       ; yes             ; Auto-Generated Megafunction  ; C:/Users/lance/Desktop/QuartusWorkSpace/sj2_t5/db/sign_div_unsign_bnh.tdf ;         ;
; db/alt_u_div_aaf.tdf             ; yes             ; Auto-Generated Megafunction  ; C:/Users/lance/Desktop/QuartusWorkSpace/sj2_t5/db/alt_u_div_aaf.tdf       ;         ;
; db/add_sub_7pc.tdf               ; yes             ; Auto-Generated Megafunction  ; C:/Users/lance/Desktop/QuartusWorkSpace/sj2_t5/db/add_sub_7pc.tdf         ;         ;
; db/add_sub_8pc.tdf               ; yes             ; Auto-Generated Megafunction  ; C:/Users/lance/Desktop/QuartusWorkSpace/sj2_t5/db/add_sub_8pc.tdf         ;         ;
; db/lpm_divide_fkm.tdf            ; yes             ; Auto-Generated Megafunction  ; C:/Users/lance/Desktop/QuartusWorkSpace/sj2_t5/db/lpm_divide_fkm.tdf      ;         ;
; db/sign_div_unsign_7nh.tdf       ; yes             ; Auto-Generated Megafunction  ; C:/Users/lance/Desktop/QuartusWorkSpace/sj2_t5/db/sign_div_unsign_7nh.tdf ;         ;
; db/alt_u_div_2af.tdf             ; yes             ; Auto-Generated Megafunction  ; C:/Users/lance/Desktop/QuartusWorkSpace/sj2_t5/db/alt_u_div_2af.tdf       ;         ;
; db/lpm_divide_5bm.tdf            ; yes             ; Auto-Generated Megafunction  ; C:/Users/lance/Desktop/QuartusWorkSpace/sj2_t5/db/lpm_divide_5bm.tdf      ;         ;
; db/sign_div_unsign_qlh.tdf       ; yes             ; Auto-Generated Megafunction  ; C:/Users/lance/Desktop/QuartusWorkSpace/sj2_t5/db/sign_div_unsign_qlh.tdf ;         ;
; db/alt_u_div_87f.tdf             ; yes             ; Auto-Generated Megafunction  ; C:/Users/lance/Desktop/QuartusWorkSpace/sj2_t5/db/alt_u_div_87f.tdf       ;         ;
; db/lpm_divide_5jm.tdf            ; yes             ; Auto-Generated Megafunction  ; C:/Users/lance/Desktop/QuartusWorkSpace/sj2_t5/db/lpm_divide_5jm.tdf      ;         ;
; db/sign_div_unsign_tlh.tdf       ; yes             ; Auto-Generated Megafunction  ; C:/Users/lance/Desktop/QuartusWorkSpace/sj2_t5/db/sign_div_unsign_tlh.tdf ;         ;
; db/alt_u_div_e7f.tdf             ; yes             ; Auto-Generated Megafunction  ; C:/Users/lance/Desktop/QuartusWorkSpace/sj2_t5/db/alt_u_div_e7f.tdf       ;         ;
; db/lpm_divide_2jm.tdf            ; yes             ; Auto-Generated Megafunction  ; C:/Users/lance/Desktop/QuartusWorkSpace/sj2_t5/db/lpm_divide_2jm.tdf      ;         ;
+----------------------------------+-----------------+------------------------------+---------------------------------------------------------------------------+---------+


+----------------------------------------------------------------------------------------------------------------------------------------------------------------------------+
; Analysis & Synthesis Resource Usage Summary                                                                                                                                ;
+---------------------------------------------+------------------------------------------------------------------------------------------------------------------------------+
; Resource                                    ; Usage                                                                                                                        ;
+---------------------------------------------+------------------------------------------------------------------------------------------------------------------------------+
; Estimated Total logic elements              ; 1,286                                                                                                                        ;
;                                             ;                                                                                                                              ;
; Total combinational functions               ; 1286                                                                                                                         ;
; Logic element usage by number of LUT inputs ;                                                                                                                              ;
;     -- 4 input functions                    ; 242                                                                                                                          ;
;     -- 3 input functions                    ; 366                                                                                                                          ;
;     -- <=2 input functions                  ; 678                                                                                                                          ;
;                                             ;                                                                                                                              ;
; Logic elements by mode                      ;                                                                                                                              ;
;     -- normal mode                          ; 893                                                                                                                          ;
;     -- arithmetic mode                      ; 393                                                                                                                          ;
;                                             ;                                                                                                                              ;
; Total registers                             ; 0                                                                                                                            ;
;     -- Dedicated logic registers            ; 0                                                                                                                            ;
;     -- I/O registers                        ; 0                                                                                                                            ;
;                                             ;                                                                                                                              ;
; I/O pins                                    ; 87                                                                                                                           ;
;                                             ;                                                                                                                              ;
; Embedded Multiplier 9-bit elements          ; 0                                                                                                                            ;
;                                             ;                                                                                                                              ;
; Maximum fan-out node                        ; lpm_divide:Div0|lpm_divide_jkm:auto_generated|sign_div_unsign_bnh:divider|alt_u_div_aaf:divider|add_sub_13_result_int[14]~20 ;
; Maximum fan-out                             ; 44                                                                                                                           ;
; Total fan-out                               ; 3410                                                                                                                         ;
; Average fan-out                             ; 2.34                                                                                                                         ;
+---------------------------------------------+------------------------------------------------------------------------------------------------------------------------------+


+----------------------------------------------------------------------------------------------------------------------------------------------------------------------------------------------------------------------------------------------------------------------------------------------------------------+
; Analysis & Synthesis Resource Utilization by Entity                                                                                                                                                                                                                                                            ;
+----------------------------------------+---------------------+---------------------------+-------------+--------------+---------+-----------+------+--------------+-------------------------------------------------------------------------------------------------------+---------------------+--------------+
; Compilation Hierarchy Node             ; Combinational ALUTs ; Dedicated Logic Registers ; Memory Bits ; DSP Elements ; DSP 9x9 ; DSP 18x18 ; Pins ; Virtual Pins ; Full Hierarchy Name                                                                                   ; Entity Name         ; Library Name ;
+----------------------------------------+---------------------+---------------------------+-------------+--------------+---------+-----------+------+--------------+-------------------------------------------------------------------------------------------------------+---------------------+--------------+
; |main                                  ; 1286 (211)          ; 0 (0)                     ; 0           ; 0            ; 0       ; 0         ; 87   ; 0            ; |main                                                                                                 ; main                ; work         ;
;    |lpm_divide:Div0|                   ; 82 (0)              ; 0 (0)                     ; 0           ; 0            ; 0       ; 0         ; 0    ; 0            ; |main|lpm_divide:Div0                                                                                 ; lpm_divide          ; work         ;
;       |lpm_divide_jkm:auto_generated|  ; 82 (0)              ; 0 (0)                     ; 0           ; 0            ; 0       ; 0         ; 0    ; 0            ; |main|lpm_divide:Div0|lpm_divide_jkm:auto_generated                                                   ; lpm_divide_jkm      ; work         ;
;          |sign_div_unsign_bnh:divider| ; 82 (0)              ; 0 (0)                     ; 0           ; 0            ; 0       ; 0         ; 0    ; 0            ; |main|lpm_divide:Div0|lpm_divide_jkm:auto_generated|sign_div_unsign_bnh:divider                       ; sign_div_unsign_bnh ; work         ;
;             |alt_u_div_aaf:divider|    ; 82 (82)             ; 0 (0)                     ; 0           ; 0            ; 0       ; 0         ; 0    ; 0            ; |main|lpm_divide:Div0|lpm_divide_jkm:auto_generated|sign_div_unsign_bnh:divider|alt_u_div_aaf:divider ; alt_u_div_aaf       ; work         ;
;    |lpm_divide:Div1|                   ; 185 (0)             ; 0 (0)                     ; 0           ; 0            ; 0       ; 0         ; 0    ; 0            ; |main|lpm_divide:Div1                                                                                 ; lpm_divide          ; work         ;
;       |lpm_divide_fkm:auto_generated|  ; 185 (0)             ; 0 (0)                     ; 0           ; 0            ; 0       ; 0         ; 0    ; 0            ; |main|lpm_divide:Div1|lpm_divide_fkm:auto_generated                                                   ; lpm_divide_fkm      ; work         ;
;          |sign_div_unsign_7nh:divider| ; 185 (0)             ; 0 (0)                     ; 0           ; 0            ; 0       ; 0         ; 0    ; 0            ; |main|lpm_divide:Div1|lpm_divide_fkm:auto_generated|sign_div_unsign_7nh:divider                       ; sign_div_unsign_7nh ; work         ;
;             |alt_u_div_2af:divider|    ; 185 (185)           ; 0 (0)                     ; 0           ; 0            ; 0       ; 0         ; 0    ; 0            ; |main|lpm_divide:Div1|lpm_divide_fkm:auto_generated|sign_div_unsign_7nh:divider|alt_u_div_2af:divider ; alt_u_div_2af       ; work         ;
;    |lpm_divide:Div2|                   ; 201 (0)             ; 0 (0)                     ; 0           ; 0            ; 0       ; 0         ; 0    ; 0            ; |main|lpm_divide:Div2                                                                                 ; lpm_divide          ; work         ;
;       |lpm_divide_5jm:auto_generated|  ; 201 (0)             ; 0 (0)                     ; 0           ; 0            ; 0       ; 0         ; 0    ; 0            ; |main|lpm_divide:Div2|lpm_divide_5jm:auto_generated                                                   ; lpm_divide_5jm      ; work         ;
;          |sign_div_unsign_tlh:divider| ; 201 (0)             ; 0 (0)                     ; 0           ; 0            ; 0       ; 0         ; 0    ; 0            ; |main|lpm_divide:Div2|lpm_divide_5jm:auto_generated|sign_div_unsign_tlh:divider                       ; sign_div_unsign_tlh ; work         ;
;             |alt_u_div_e7f:divider|    ; 201 (201)           ; 0 (0)                     ; 0           ; 0            ; 0       ; 0         ; 0    ; 0            ; |main|lpm_divide:Div2|lpm_divide_5jm:auto_generated|sign_div_unsign_tlh:divider|alt_u_div_e7f:divider ; alt_u_div_e7f       ; work         ;
;    |lpm_divide:Div3|                   ; 160 (0)             ; 0 (0)                     ; 0           ; 0            ; 0       ; 0         ; 0    ; 0            ; |main|lpm_divide:Div3                                                                                 ; lpm_divide          ; work         ;
;       |lpm_divide_2jm:auto_generated|  ; 160 (0)             ; 0 (0)                     ; 0           ; 0            ; 0       ; 0         ; 0    ; 0            ; |main|lpm_divide:Div3|lpm_divide_2jm:auto_generated                                                   ; lpm_divide_2jm      ; work         ;
;          |sign_div_unsign_qlh:divider| ; 160 (0)             ; 0 (0)                     ; 0           ; 0            ; 0       ; 0         ; 0    ; 0            ; |main|lpm_divide:Div3|lpm_divide_2jm:auto_generated|sign_div_unsign_qlh:divider                       ; sign_div_unsign_qlh ; work         ;
;             |alt_u_div_87f:divider|    ; 160 (160)           ; 0 (0)                     ; 0           ; 0            ; 0       ; 0         ; 0    ; 0            ; |main|lpm_divide:Div3|lpm_divide_2jm:auto_generated|sign_div_unsign_qlh:divider|alt_u_div_87f:divider ; alt_u_div_87f       ; work         ;
;    |lpm_divide:Mod0|                   ; 52 (0)              ; 0 (0)                     ; 0           ; 0            ; 0       ; 0         ; 0    ; 0            ; |main|lpm_divide:Mod0                                                                                 ; lpm_divide          ; work         ;
;       |lpm_divide_5bm:auto_generated|  ; 52 (0)              ; 0 (0)                     ; 0           ; 0            ; 0       ; 0         ; 0    ; 0            ; |main|lpm_divide:Mod0|lpm_divide_5bm:auto_generated                                                   ; lpm_divide_5bm      ; work         ;
;          |sign_div_unsign_qlh:divider| ; 52 (0)              ; 0 (0)                     ; 0           ; 0            ; 0       ; 0         ; 0    ; 0            ; |main|lpm_divide:Mod0|lpm_divide_5bm:auto_generated|sign_div_unsign_qlh:divider                       ; sign_div_unsign_qlh ; work         ;
;             |alt_u_div_87f:divider|    ; 52 (52)             ; 0 (0)                     ; 0           ; 0            ; 0       ; 0         ; 0    ; 0            ; |main|lpm_divide:Mod0|lpm_divide_5bm:auto_generated|sign_div_unsign_qlh:divider|alt_u_div_87f:divider ; alt_u_div_87f       ; work         ;
;    |lpm_divide:Mod1|                   ; 94 (0)              ; 0 (0)                     ; 0           ; 0            ; 0       ; 0         ; 0    ; 0            ; |main|lpm_divide:Mod1                                                                                 ; lpm_divide          ; work         ;
;       |lpm_divide_5bm:auto_generated|  ; 94 (0)              ; 0 (0)                     ; 0           ; 0            ; 0       ; 0         ; 0    ; 0            ; |main|lpm_divide:Mod1|lpm_divide_5bm:auto_generated                                                   ; lpm_divide_5bm      ; work         ;
;          |sign_div_unsign_qlh:divider| ; 94 (0)              ; 0 (0)                     ; 0           ; 0            ; 0       ; 0         ; 0    ; 0            ; |main|lpm_divide:Mod1|lpm_divide_5bm:auto_generated|sign_div_unsign_qlh:divider                       ; sign_div_unsign_qlh ; work         ;
;             |alt_u_div_87f:divider|    ; 94 (94)             ; 0 (0)                     ; 0           ; 0            ; 0       ; 0         ; 0    ; 0            ; |main|lpm_divide:Mod1|lpm_divide_5bm:auto_generated|sign_div_unsign_qlh:divider|alt_u_div_87f:divider ; alt_u_div_87f       ; work         ;
;    |lpm_divide:Mod2|                   ; 136 (0)             ; 0 (0)                     ; 0           ; 0            ; 0       ; 0         ; 0    ; 0            ; |main|lpm_divide:Mod2                                                                                 ; lpm_divide          ; work         ;
;       |lpm_divide_5bm:auto_generated|  ; 136 (0)             ; 0 (0)                     ; 0           ; 0            ; 0       ; 0         ; 0    ; 0            ; |main|lpm_divide:Mod2|lpm_divide_5bm:auto_generated                                                   ; lpm_divide_5bm      ; work         ;
;          |sign_div_unsign_qlh:divider| ; 136 (0)             ; 0 (0)                     ; 0           ; 0            ; 0       ; 0         ; 0    ; 0            ; |main|lpm_divide:Mod2|lpm_divide_5bm:auto_generated|sign_div_unsign_qlh:divider                       ; sign_div_unsign_qlh ; work         ;
;             |alt_u_div_87f:divider|    ; 136 (136)           ; 0 (0)                     ; 0           ; 0            ; 0       ; 0         ; 0    ; 0            ; |main|lpm_divide:Mod2|lpm_divide_5bm:auto_generated|sign_div_unsign_qlh:divider|alt_u_div_87f:divider ; alt_u_div_87f       ; work         ;
;    |lpm_divide:Mod3|                   ; 165 (0)             ; 0 (0)                     ; 0           ; 0            ; 0       ; 0         ; 0    ; 0            ; |main|lpm_divide:Mod3                                                                                 ; lpm_divide          ; work         ;
;       |lpm_divide_5bm:auto_generated|  ; 165 (0)             ; 0 (0)                     ; 0           ; 0            ; 0       ; 0         ; 0    ; 0            ; |main|lpm_divide:Mod3|lpm_divide_5bm:auto_generated                                                   ; lpm_divide_5bm      ; work         ;
;          |sign_div_unsign_qlh:divider| ; 165 (0)             ; 0 (0)                     ; 0           ; 0            ; 0       ; 0         ; 0    ; 0            ; |main|lpm_divide:Mod3|lpm_divide_5bm:auto_generated|sign_div_unsign_qlh:divider                       ; sign_div_unsign_qlh ; work         ;
;             |alt_u_div_87f:divider|    ; 165 (165)           ; 0 (0)                     ; 0           ; 0            ; 0       ; 0         ; 0    ; 0            ; |main|lpm_divide:Mod3|lpm_divide_5bm:auto_generated|sign_div_unsign_qlh:divider|alt_u_div_87f:divider ; alt_u_div_87f       ; work         ;
+----------------------------------------+---------------------+---------------------------+-------------+--------------+---------+-----------+------+--------------+-------------------------------------------------------------------------------------------------------+---------------------+--------------+
Note: For table entries with two numbers listed, the numbers in parentheses indicate the number of resources of the given type used by the specific entity alone. The numbers listed outside of parentheses indicate the total resources of the given type used by the specific entity and all of its sub-entities in the hierarchy.


+------------------------------------------------------+
; General Register Statistics                          ;
+----------------------------------------------+-------+
; Statistic                                    ; Value ;
+----------------------------------------------+-------+
; Total registers                              ; 0     ;
; Number of registers using Synchronous Clear  ; 0     ;
; Number of registers using Synchronous Load   ; 0     ;
; Number of registers using Asynchronous Clear ; 0     ;
; Number of registers using Asynchronous Load  ; 0     ;
; Number of registers using Clock Enable       ; 0     ;
; Number of registers using Preset             ; 0     ;
+----------------------------------------------+-------+


+------------------------------------------------------------------------------------------------------------------------------------------+
; Multiplexer Restructuring Statistics (Restructuring Performed)                                                                           ;
+--------------------+-----------+---------------+----------------------+------------------------+------------+----------------------------+
; Multiplexer Inputs ; Bus Width ; Baseline Area ; Area if Restructured ; Saving if Restructured ; Registered ; Example Multiplexer Output ;
+--------------------+-----------+---------------+----------------------+------------------------+------------+----------------------------+
; 5:1                ; 3 bits    ; 9 LEs         ; 6 LEs                ; 3 LEs                  ; No         ; |main|out                  ;
; 6:1                ; 3 bits    ; 12 LEs        ; 9 LEs                ; 3 LEs                  ; No         ; |main|led4                 ;
; 7:1                ; 3 bits    ; 12 LEs        ; 12 LEs               ; 0 LEs                  ; No         ; |main|led3                 ;
; 8:1                ; 3 bits    ; 15 LEs        ; 12 LEs               ; 3 LEs                  ; No         ; |main|led2                 ;
; 9:1                ; 3 bits    ; 18 LEs        ; 15 LEs               ; 3 LEs                  ; No         ; |main|led1                 ;
+--------------------+-----------+---------------+----------------------+------------------------+------------+----------------------------+


+------------------------------------------------------------------+
; Parameter Settings for Inferred Entity Instance: lpm_divide:Div0 ;
+------------------------+----------------+------------------------+
; Parameter Name         ; Value          ; Type                   ;
+------------------------+----------------+------------------------+
; LPM_WIDTHN             ; 16             ; Untyped                ;
; LPM_WIDTHD             ; 14             ; Untyped                ;
; LPM_NREPRESENTATION    ; UNSIGNED       ; Untyped                ;
; LPM_DREPRESENTATION    ; UNSIGNED       ; Untyped                ;
; LPM_PIPELINE           ; 0              ; Untyped                ;
; LPM_REMAINDERPOSITIVE  ; TRUE           ; Untyped                ;
; MAXIMIZE_SPEED         ; 5              ; Untyped                ;
; CBXI_PARAMETER         ; lpm_divide_jkm ; Untyped                ;
; CARRY_CHAIN            ; MANUAL         ; Untyped                ;
; OPTIMIZE_FOR_SPEED     ; 5              ; Untyped                ;
; AUTO_CARRY_CHAINS      ; ON             ; AUTO_CARRY             ;
; IGNORE_CARRY_BUFFERS   ; OFF            ; IGNORE_CARRY           ;
; AUTO_CASCADE_CHAINS    ; ON             ; AUTO_CASCADE           ;
; IGNORE_CASCADE_BUFFERS ; OFF            ; IGNORE_CASCADE         ;
+------------------------+----------------+------------------------+
Note: In order to hide this table in the UI and the text report file, please set the "Show Parameter Settings in Synthesis Report" option in "Analysis and Synthesis Settings -> More Settings" to "Off".


+------------------------------------------------------------------+
; Parameter Settings for Inferred Entity Instance: lpm_divide:Div1 ;
+------------------------+----------------+------------------------+
; Parameter Name         ; Value          ; Type                   ;
+------------------------+----------------+------------------------+
; LPM_WIDTHN             ; 16             ; Untyped                ;
; LPM_WIDTHD             ; 10             ; Untyped                ;
; LPM_NREPRESENTATION    ; UNSIGNED       ; Untyped                ;
; LPM_DREPRESENTATION    ; UNSIGNED       ; Untyped                ;
; LPM_PIPELINE           ; 0              ; Untyped                ;
; LPM_REMAINDERPOSITIVE  ; TRUE           ; Untyped                ;
; MAXIMIZE_SPEED         ; 5              ; Untyped                ;
; CBXI_PARAMETER         ; lpm_divide_fkm ; Untyped                ;
; CARRY_CHAIN            ; MANUAL         ; Untyped                ;
; OPTIMIZE_FOR_SPEED     ; 5              ; Untyped                ;
; AUTO_CARRY_CHAINS      ; ON             ; AUTO_CARRY             ;
; IGNORE_CARRY_BUFFERS   ; OFF            ; IGNORE_CARRY           ;
; AUTO_CASCADE_CHAINS    ; ON             ; AUTO_CASCADE           ;
; IGNORE_CASCADE_BUFFERS ; OFF            ; IGNORE_CASCADE         ;
+------------------------+----------------+------------------------+
Note: In order to hide this table in the UI and the text report file, please set the "Show Parameter Settings in Synthesis Report" option in "Analysis and Synthesis Settings -> More Settings" to "Off".


+------------------------------------------------------------------+
; Parameter Settings for Inferred Entity Instance: lpm_divide:Mod0 ;
+------------------------+----------------+------------------------+
; Parameter Name         ; Value          ; Type                   ;
+------------------------+----------------+------------------------+
; LPM_WIDTHN             ; 16             ; Untyped                ;
; LPM_WIDTHD             ; 4              ; Untyped                ;
; LPM_NREPRESENTATION    ; UNSIGNED       ; Untyped                ;
; LPM_DREPRESENTATION    ; UNSIGNED       ; Untyped                ;
; LPM_PIPELINE           ; 0              ; Untyped                ;
; LPM_REMAINDERPOSITIVE  ; TRUE           ; Untyped                ;
; MAXIMIZE_SPEED         ; 5              ; Untyped                ;
; CBXI_PARAMETER         ; lpm_divide_5bm ; Untyped                ;
; CARRY_CHAIN            ; MANUAL         ; Untyped                ;
; OPTIMIZE_FOR_SPEED     ; 5              ; Untyped                ;
; AUTO_CARRY_CHAINS      ; ON             ; AUTO_CARRY             ;
; IGNORE_CARRY_BUFFERS   ; OFF            ; IGNORE_CARRY           ;
; AUTO_CASCADE_CHAINS    ; ON             ; AUTO_CASCADE           ;
; IGNORE_CASCADE_BUFFERS ; OFF            ; IGNORE_CASCADE         ;
+------------------------+----------------+------------------------+
Note: In order to hide this table in the UI and the text report file, please set the "Show Parameter Settings in Synthesis Report" option in "Analysis and Synthesis Settings -> More Settings" to "Off".


+------------------------------------------------------------------+
; Parameter Settings for Inferred Entity Instance: lpm_divide:Div2 ;
+------------------------+----------------+------------------------+
; Parameter Name         ; Value          ; Type                   ;
+------------------------+----------------+------------------------+
; LPM_WIDTHN             ; 16             ; Untyped                ;
; LPM_WIDTHD             ; 7              ; Untyped                ;
; LPM_NREPRESENTATION    ; UNSIGNED       ; Untyped                ;
; LPM_DREPRESENTATION    ; UNSIGNED       ; Untyped                ;
; LPM_PIPELINE           ; 0              ; Untyped                ;
; LPM_REMAINDERPOSITIVE  ; TRUE           ; Untyped                ;
; MAXIMIZE_SPEED         ; 5              ; Untyped                ;
; CBXI_PARAMETER         ; lpm_divide_5jm ; Untyped                ;
; CARRY_CHAIN            ; MANUAL         ; Untyped                ;
; OPTIMIZE_FOR_SPEED     ; 5              ; Untyped                ;
; AUTO_CARRY_CHAINS      ; ON             ; AUTO_CARRY             ;
; IGNORE_CARRY_BUFFERS   ; OFF            ; IGNORE_CARRY           ;
; AUTO_CASCADE_CHAINS    ; ON             ; AUTO_CASCADE           ;
; IGNORE_CASCADE_BUFFERS ; OFF            ; IGNORE_CASCADE         ;
+------------------------+----------------+------------------------+
Note: In order to hide this table in the UI and the text report file, please set the "Show Parameter Settings in Synthesis Report" option in "Analysis and Synthesis Settings -> More Settings" to "Off".


+------------------------------------------------------------------+
; Parameter Settings for Inferred Entity Instance: lpm_divide:Mod1 ;
+------------------------+----------------+------------------------+
; Parameter Name         ; Value          ; Type                   ;
+------------------------+----------------+------------------------+
; LPM_WIDTHN             ; 16             ; Untyped                ;
; LPM_WIDTHD             ; 4              ; Untyped                ;
; LPM_NREPRESENTATION    ; UNSIGNED       ; Untyped                ;
; LPM_DREPRESENTATION    ; UNSIGNED       ; Untyped                ;
; LPM_PIPELINE           ; 0              ; Untyped                ;
; LPM_REMAINDERPOSITIVE  ; TRUE           ; Untyped                ;
; MAXIMIZE_SPEED         ; 5              ; Untyped                ;
; CBXI_PARAMETER         ; lpm_divide_5bm ; Untyped                ;
; CARRY_CHAIN            ; MANUAL         ; Untyped                ;
; OPTIMIZE_FOR_SPEED     ; 5              ; Untyped                ;
; AUTO_CARRY_CHAINS      ; ON             ; AUTO_CARRY             ;
; IGNORE_CARRY_BUFFERS   ; OFF            ; IGNORE_CARRY           ;
; AUTO_CASCADE_CHAINS    ; ON             ; AUTO_CASCADE           ;
; IGNORE_CASCADE_BUFFERS ; OFF            ; IGNORE_CASCADE         ;
+------------------------+----------------+------------------------+
Note: In order to hide this table in the UI and the text report file, please set the "Show Parameter Settings in Synthesis Report" option in "Analysis and Synthesis Settings -> More Settings" to "Off".


+------------------------------------------------------------------+
; Parameter Settings for Inferred Entity Instance: lpm_divide:Div3 ;
+------------------------+----------------+------------------------+
; Parameter Name         ; Value          ; Type                   ;
+------------------------+----------------+------------------------+
; LPM_WIDTHN             ; 16             ; Untyped                ;
; LPM_WIDTHD             ; 4              ; Untyped                ;
; LPM_NREPRESENTATION    ; UNSIGNED       ; Untyped                ;
; LPM_DREPRESENTATION    ; UNSIGNED       ; Untyped                ;
; LPM_PIPELINE           ; 0              ; Untyped                ;
; LPM_REMAINDERPOSITIVE  ; TRUE           ; Untyped                ;
; MAXIMIZE_SPEED         ; 5              ; Untyped                ;
; CBXI_PARAMETER         ; lpm_divide_2jm ; Untyped                ;
; CARRY_CHAIN            ; MANUAL         ; Untyped                ;
; OPTIMIZE_FOR_SPEED     ; 5              ; Untyped                ;
; AUTO_CARRY_CHAINS      ; ON             ; AUTO_CARRY             ;
; IGNORE_CARRY_BUFFERS   ; OFF            ; IGNORE_CARRY           ;
; AUTO_CASCADE_CHAINS    ; ON             ; AUTO_CASCADE           ;
; IGNORE_CASCADE_BUFFERS ; OFF            ; IGNORE_CASCADE         ;
+------------------------+----------------+------------------------+
Note: In order to hide this table in the UI and the text report file, please set the "Show Parameter Settings in Synthesis Report" option in "Analysis and Synthesis Settings -> More Settings" to "Off".


+------------------------------------------------------------------+
; Parameter Settings for Inferred Entity Instance: lpm_divide:Mod2 ;
+------------------------+----------------+------------------------+
; Parameter Name         ; Value          ; Type                   ;
+------------------------+----------------+------------------------+
; LPM_WIDTHN             ; 16             ; Untyped                ;
; LPM_WIDTHD             ; 4              ; Untyped                ;
; LPM_NREPRESENTATION    ; UNSIGNED       ; Untyped                ;
; LPM_DREPRESENTATION    ; UNSIGNED       ; Untyped                ;
; LPM_PIPELINE           ; 0              ; Untyped                ;
; LPM_REMAINDERPOSITIVE  ; TRUE           ; Untyped                ;
; MAXIMIZE_SPEED         ; 5              ; Untyped                ;
; CBXI_PARAMETER         ; lpm_divide_5bm ; Untyped                ;
; CARRY_CHAIN            ; MANUAL         ; Untyped                ;
; OPTIMIZE_FOR_SPEED     ; 5              ; Untyped                ;
; AUTO_CARRY_CHAINS      ; ON             ; AUTO_CARRY             ;
; IGNORE_CARRY_BUFFERS   ; OFF            ; IGNORE_CARRY           ;
; AUTO_CASCADE_CHAINS    ; ON             ; AUTO_CASCADE           ;
; IGNORE_CASCADE_BUFFERS ; OFF            ; IGNORE_CASCADE         ;
+------------------------+----------------+------------------------+
Note: In order to hide this table in the UI and the text report file, please set the "Show Parameter Settings in Synthesis Report" option in "Analysis and Synthesis Settings -> More Settings" to "Off".


+------------------------------------------------------------------+
; Parameter Settings for Inferred Entity Instance: lpm_divide:Mod3 ;
+------------------------+----------------+------------------------+
; Parameter Name         ; Value          ; Type                   ;
+------------------------+----------------+------------------------+
; LPM_WIDTHN             ; 16             ; Untyped                ;
; LPM_WIDTHD             ; 4              ; Untyped                ;
; LPM_NREPRESENTATION    ; UNSIGNED       ; Untyped                ;
; LPM_DREPRESENTATION    ; UNSIGNED       ; Untyped                ;
; LPM_PIPELINE           ; 0              ; Untyped                ;
; LPM_REMAINDERPOSITIVE  ; TRUE           ; Untyped                ;
; MAXIMIZE_SPEED         ; 5              ; Untyped                ;
; CBXI_PARAMETER         ; lpm_divide_5bm ; Untyped                ;
; CARRY_CHAIN            ; MANUAL         ; Untyped                ;
; OPTIMIZE_FOR_SPEED     ; 5              ; Untyped                ;
; AUTO_CARRY_CHAINS      ; ON             ; AUTO_CARRY             ;
; IGNORE_CARRY_BUFFERS   ; OFF            ; IGNORE_CARRY           ;
; AUTO_CASCADE_CHAINS    ; ON             ; AUTO_CASCADE           ;
; IGNORE_CASCADE_BUFFERS ; OFF            ; IGNORE_CASCADE         ;
+------------------------+----------------+------------------------+
Note: In order to hide this table in the UI and the text report file, please set the "Show Parameter Settings in Synthesis Report" option in "Analysis and Synthesis Settings -> More Settings" to "Off".


+-----------------------------------------------------+
; Post-Synthesis Netlist Statistics for Top Partition ;
+-----------------------+-----------------------------+
; Type                  ; Count                       ;
+-----------------------+-----------------------------+
; boundary_port         ; 87                          ;
; cycloneiii_lcell_comb ; 1291                        ;
;     arith             ; 393                         ;
;         1 data inputs ; 3                           ;
;         2 data inputs ; 42                          ;
;         3 data inputs ; 348                         ;
;     normal            ; 898                         ;
;         0 data inputs ; 72                          ;
;         1 data inputs ; 28                          ;
;         2 data inputs ; 538                         ;
;         3 data inputs ; 18                          ;
;         4 data inputs ; 242                         ;
;                       ;                             ;
; Max LUT depth         ; 39.30                       ;
; Average LUT depth     ; 33.40                       ;
+-----------------------+-----------------------------+


+-------------------------------+
; Elapsed Time Per Partition    ;
+----------------+--------------+
; Partition Name ; Elapsed Time ;
+----------------+--------------+
; Top            ; 00:00:08     ;
+----------------+--------------+


+-------------------------------+
; Analysis & Synthesis Messages ;
+-------------------------------+
Info: *******************************************************************
Info: Running Quartus Prime Analysis & Synthesis
    Info: Version 17.1.0 Build 590 10/25/2017 SJ Lite Edition
    Info: Processing started: Fri Oct 16 20:02:22 2020
Info: Command: quartus_map --read_settings_files=on --write_settings_files=off main -c main
Warning (18236): Number of processors has not been specified which may cause overloading on shared machines.  Set the global assignment NUM_PARALLEL_PROCESSORS in your QSF to an appropriate value for best performance.
Info (20030): Parallel compilation is enabled and will use 4 of the 4 processors detected
Info (12021): Found 1 design units, including 1 entities, in source file main.v
    Info (12023): Found entity 1: main File: C:/Users/lance/Desktop/QuartusWorkSpace/sj2_t5/main.v Line: 1
Info (12127): Elaborating entity "main" for the top level hierarchy
Warning (10230): Verilog HDL assignment warning at main.v(18): truncated value with size 32 to match size of target (4) File: C:/Users/lance/Desktop/QuartusWorkSpace/sj2_t5/main.v Line: 18
Warning (10230): Verilog HDL assignment warning at main.v(19): truncated value with size 32 to match size of target (4) File: C:/Users/lance/Desktop/QuartusWorkSpace/sj2_t5/main.v Line: 19
Warning (10230): Verilog HDL assignment warning at main.v(20): truncated value with size 32 to match size of target (4) File: C:/Users/lance/Desktop/QuartusWorkSpace/sj2_t5/main.v Line: 20
Warning (10230): Verilog HDL assignment warning at main.v(21): truncated value with size 32 to match size of target (4) File: C:/Users/lance/Desktop/QuartusWorkSpace/sj2_t5/main.v Line: 21
Warning (10230): Verilog HDL assignment warning at main.v(22): truncated value with size 32 to match size of target (4) File: C:/Users/lance/Desktop/QuartusWorkSpace/sj2_t5/main.v Line: 22
Warning (10235): Verilog HDL Always Construct warning at main.v(26): variable "out" is read inside the Always Construct but isn't in the Always Construct's Event Control File: C:/Users/lance/Desktop/QuartusWorkSpace/sj2_t5/main.v Line: 26
Warning (10235): Verilog HDL Always Construct warning at main.v(32): variable "result5" is read inside the Always Construct but isn't in the Always Construct's Event Control File: C:/Users/lance/Desktop/QuartusWorkSpace/sj2_t5/main.v Line: 32
Warning (10235): Verilog HDL Always Construct warning at main.v(34): variable "out" is read inside the Always Construct but isn't in the Always Construct's Event Control File: C:/Users/lance/Desktop/QuartusWorkSpace/sj2_t5/main.v Line: 34
Warning (10235): Verilog HDL Always Construct warning at main.v(39): variable "result4" is read inside the Always Construct but isn't in the Always Construct's Event Control File: C:/Users/lance/Desktop/QuartusWorkSpace/sj2_t5/main.v Line: 39
Warning (10235): Verilog HDL Always Construct warning at main.v(40): variable "result5" is read inside the Always Construct but isn't in the Always Construct's Event Control File: C:/Users/lance/Desktop/QuartusWorkSpace/sj2_t5/main.v Line: 40
Warning (10235): Verilog HDL Always Construct warning at main.v(42): variable "out" is read inside the Always Construct but isn't in the Always Construct's Event Control File: C:/Users/lance/Desktop/QuartusWorkSpace/sj2_t5/main.v Line: 42
Warning (10235): Verilog HDL Always Construct warning at main.v(46): variable "result3" is read inside the Always Construct but isn't in the Always Construct's Event Control File: C:/Users/lance/Desktop/QuartusWorkSpace/sj2_t5/main.v Line: 46
Warning (10235): Verilog HDL Always Construct warning at main.v(47): variable "result4" is read inside the Always Construct but isn't in the Always Construct's Event Control File: C:/Users/lance/Desktop/QuartusWorkSpace/sj2_t5/main.v Line: 47
Warning (10235): Verilog HDL Always Construct warning at main.v(48): variable "result5" is read inside the Always Construct but isn't in the Always Construct's Event Control File: C:/Users/lance/Desktop/QuartusWorkSpace/sj2_t5/main.v Line: 48
Warning (10235): Verilog HDL Always Construct warning at main.v(50): variable "out" is read inside the Always Construct but isn't in the Always Construct's Event Control File: C:/Users/lance/Desktop/QuartusWorkSpace/sj2_t5/main.v Line: 50
Warning (10235): Verilog HDL Always Construct warning at main.v(53): variable "result2" is read inside the Always Construct but isn't in the Always Construct's Event Control File: C:/Users/lance/Desktop/QuartusWorkSpace/sj2_t5/main.v Line: 53
Warning (10235): Verilog HDL Always Construct warning at main.v(54): variable "result3" is read inside the Always Construct but isn't in the Always Construct's Event Control File: C:/Users/lance/Desktop/QuartusWorkSpace/sj2_t5/main.v Line: 54
Warning (10235): Verilog HDL Always Construct warning at main.v(55): variable "result4" is read inside the Always Construct but isn't in the Always Construct's Event Control File: C:/Users/lance/Desktop/QuartusWorkSpace/sj2_t5/main.v Line: 55
Warning (10235): Verilog HDL Always Construct warning at main.v(56): variable "result5" is read inside the Always Construct but isn't in the Always Construct's Event Control File: C:/Users/lance/Desktop/QuartusWorkSpace/sj2_t5/main.v Line: 56
Warning (10235): Verilog HDL Always Construct warning at main.v(60): variable "result1" is read inside the Always Construct but isn't in the Always Construct's Event Control File: C:/Users/lance/Desktop/QuartusWorkSpace/sj2_t5/main.v Line: 60
Warning (10235): Verilog HDL Always Construct warning at main.v(61): variable "result2" is read inside the Always Construct but isn't in the Always Construct's Event Control File: C:/Users/lance/Desktop/QuartusWorkSpace/sj2_t5/main.v Line: 61
Warning (10235): Verilog HDL Always Construct warning at main.v(62): variable "result3" is read inside the Always Construct but isn't in the Always Construct's Event Control File: C:/Users/lance/Desktop/QuartusWorkSpace/sj2_t5/main.v Line: 62
Warning (10235): Verilog HDL Always Construct warning at main.v(63): variable "result4" is read inside the Always Construct but isn't in the Always Construct's Event Control File: C:/Users/lance/Desktop/QuartusWorkSpace/sj2_t5/main.v Line: 63
Warning (10235): Verilog HDL Always Construct warning at main.v(64): variable "result5" is read inside the Always Construct but isn't in the Always Construct's Event Control File: C:/Users/lance/Desktop/QuartusWorkSpace/sj2_t5/main.v Line: 64
Info (278001): Inferred 8 megafunctions from design logic
    Info (278004): Inferred divider/modulo megafunction ("lpm_divide") from the following logic: "Div0" File: C:/Users/lance/Desktop/QuartusWorkSpace/sj2_t5/main.v Line: 18
    Info (278004): Inferred divider/modulo megafunction ("lpm_divide") from the following logic: "Div1" File: C:/Users/lance/Desktop/QuartusWorkSpace/sj2_t5/main.v Line: 19
    Info (278004): Inferred divider/modulo megafunction ("lpm_divide") from the following logic: "Mod0" File: C:/Users/lance/Desktop/QuartusWorkSpace/sj2_t5/main.v Line: 19
    Info (278004): Inferred divider/modulo megafunction ("lpm_divide") from the following logic: "Div2" File: C:/Users/lance/Desktop/QuartusWorkSpace/sj2_t5/main.v Line: 20
    Info (278004): Inferred divider/modulo megafunction ("lpm_divide") from the following logic: "Mod1" File: C:/Users/lance/Desktop/QuartusWorkSpace/sj2_t5/main.v Line: 20
    Info (278004): Inferred divider/modulo megafunction ("lpm_divide") from the following logic: "Div3" File: C:/Users/lance/Desktop/QuartusWorkSpace/sj2_t5/main.v Line: 21
    Info (278004): Inferred divider/modulo megafunction ("lpm_divide") from the following logic: "Mod2" File: C:/Users/lance/Desktop/QuartusWorkSpace/sj2_t5/main.v Line: 21
    Info (278004): Inferred divider/modulo megafunction ("lpm_divide") from the following logic: "Mod3" File: C:/Users/lance/Desktop/QuartusWorkSpace/sj2_t5/main.v Line: 22
Info (12130): Elaborated megafunction instantiation "lpm_divide:Div0" File: C:/Users/lance/Desktop/QuartusWorkSpace/sj2_t5/main.v Line: 18
Info (12133): Instantiated megafunction "lpm_divide:Div0" with the following parameter: File: C:/Users/lance/Desktop/QuartusWorkSpace/sj2_t5/main.v Line: 18
    Info (12134): Parameter "LPM_WIDTHN" = "16"
    Info (12134): Parameter "LPM_WIDTHD" = "14"
    Info (12134): Parameter "LPM_NREPRESENTATION" = "UNSIGNED"
    Info (12134): Parameter "LPM_DREPRESENTATION" = "UNSIGNED"
Info (12021): Found 1 design units, including 1 entities, in source file db/lpm_divide_jkm.tdf
    Info (12023): Found entity 1: lpm_divide_jkm File: C:/Users/lance/Desktop/QuartusWorkSpace/sj2_t5/db/lpm_divide_jkm.tdf Line: 24
Info (12021): Found 1 design units, including 1 entities, in source file db/sign_div_unsign_bnh.tdf
    Info (12023): Found entity 1: sign_div_unsign_bnh File: C:/Users/lance/Desktop/QuartusWorkSpace/sj2_t5/db/sign_div_unsign_bnh.tdf Line: 24
Info (12021): Found 1 design units, including 1 entities, in source file db/alt_u_div_aaf.tdf
    Info (12023): Found entity 1: alt_u_div_aaf File: C:/Users/lance/Desktop/QuartusWorkSpace/sj2_t5/db/alt_u_div_aaf.tdf Line: 26
Info (12021): Found 1 design units, including 1 entities, in source file db/add_sub_7pc.tdf
    Info (12023): Found entity 1: add_sub_7pc File: C:/Users/lance/Desktop/QuartusWorkSpace/sj2_t5/db/add_sub_7pc.tdf Line: 22
Info (12021): Found 1 design units, including 1 entities, in source file db/add_sub_8pc.tdf
    Info (12023): Found entity 1: add_sub_8pc File: C:/Users/lance/Desktop/QuartusWorkSpace/sj2_t5/db/add_sub_8pc.tdf Line: 22
Info (12130): Elaborated megafunction instantiation "lpm_divide:Div1" File: C:/Users/lance/Desktop/QuartusWorkSpace/sj2_t5/main.v Line: 19
Info (12133): Instantiated megafunction "lpm_divide:Div1" with the following parameter: File: C:/Users/lance/Desktop/QuartusWorkSpace/sj2_t5/main.v Line: 19
    Info (12134): Parameter "LPM_WIDTHN" = "16"
    Info (12134): Parameter "LPM_WIDTHD" = "10"
    Info (12134): Parameter "LPM_NREPRESENTATION" = "UNSIGNED"
    Info (12134): Parameter "LPM_DREPRESENTATION" = "UNSIGNED"
Info (12021): Found 1 design units, including 1 entities, in source file db/lpm_divide_fkm.tdf
    Info (12023): Found entity 1: lpm_divide_fkm File: C:/Users/lance/Desktop/QuartusWorkSpace/sj2_t5/db/lpm_divide_fkm.tdf Line: 24
Info (12021): Found 1 design units, including 1 entities, in source file db/sign_div_unsign_7nh.tdf
    Info (12023): Found entity 1: sign_div_unsign_7nh File: C:/Users/lance/Desktop/QuartusWorkSpace/sj2_t5/db/sign_div_unsign_7nh.tdf Line: 24
Info (12021): Found 1 design units, including 1 entities, in source file db/alt_u_div_2af.tdf
    Info (12023): Found entity 1: alt_u_div_2af File: C:/Users/lance/Desktop/QuartusWorkSpace/sj2_t5/db/alt_u_div_2af.tdf Line: 26
Info (12130): Elaborated megafunction instantiation "lpm_divide:Mod0" File: C:/Users/lance/Desktop/QuartusWorkSpace/sj2_t5/main.v Line: 19
Info (12133): Instantiated megafunction "lpm_divide:Mod0" with the following parameter: File: C:/Users/lance/Desktop/QuartusWorkSpace/sj2_t5/main.v Line: 19
    Info (12134): Parameter "LPM_WIDTHN" = "16"
    Info (12134): Parameter "LPM_WIDTHD" = "4"
    Info (12134): Parameter "LPM_NREPRESENTATION" = "UNSIGNED"
    Info (12134): Parameter "LPM_DREPRESENTATION" = "UNSIGNED"
Info (12021): Found 1 design units, including 1 entities, in source file db/lpm_divide_5bm.tdf
    Info (12023): Found entity 1: lpm_divide_5bm File: C:/Users/lance/Desktop/QuartusWorkSpace/sj2_t5/db/lpm_divide_5bm.tdf Line: 24
Info (12021): Found 1 design units, including 1 entities, in source file db/sign_div_unsign_qlh.tdf
    Info (12023): Found entity 1: sign_div_unsign_qlh File: C:/Users/lance/Desktop/QuartusWorkSpace/sj2_t5/db/sign_div_unsign_qlh.tdf Line: 24
Info (12021): Found 1 design units, including 1 entities, in source file db/alt_u_div_87f.tdf
    Info (12023): Found entity 1: alt_u_div_87f File: C:/Users/lance/Desktop/QuartusWorkSpace/sj2_t5/db/alt_u_div_87f.tdf Line: 26
Info (12130): Elaborated megafunction instantiation "lpm_divide:Div2" File: C:/Users/lance/Desktop/QuartusWorkSpace/sj2_t5/main.v Line: 20
Info (12133): Instantiated megafunction "lpm_divide:Div2" with the following parameter: File: C:/Users/lance/Desktop/QuartusWorkSpace/sj2_t5/main.v Line: 20
    Info (12134): Parameter "LPM_WIDTHN" = "16"
    Info (12134): Parameter "LPM_WIDTHD" = "7"
    Info (12134): Parameter "LPM_NREPRESENTATION" = "UNSIGNED"
    Info (12134): Parameter "LPM_DREPRESENTATION" = "UNSIGNED"
Info (12021): Found 1 design units, including 1 entities, in source file db/lpm_divide_5jm.tdf
    Info (12023): Found entity 1: lpm_divide_5jm File: C:/Users/lance/Desktop/QuartusWorkSpace/sj2_t5/db/lpm_divide_5jm.tdf Line: 24
Info (12021): Found 1 design units, including 1 entities, in source file db/sign_div_unsign_tlh.tdf
    Info (12023): Found entity 1: sign_div_unsign_tlh File: C:/Users/lance/Desktop/QuartusWorkSpace/sj2_t5/db/sign_div_unsign_tlh.tdf Line: 24
Info (12021): Found 1 design units, including 1 entities, in source file db/alt_u_div_e7f.tdf
    Info (12023): Found entity 1: alt_u_div_e7f File: C:/Users/lance/Desktop/QuartusWorkSpace/sj2_t5/db/alt_u_div_e7f.tdf Line: 26
Info (12130): Elaborated megafunction instantiation "lpm_divide:Div3" File: C:/Users/lance/Desktop/QuartusWorkSpace/sj2_t5/main.v Line: 21
Info (12133): Instantiated megafunction "lpm_divide:Div3" with the following parameter: File: C:/Users/lance/Desktop/QuartusWorkSpace/sj2_t5/main.v Line: 21
    Info (12134): Parameter "LPM_WIDTHN" = "16"
    Info (12134): Parameter "LPM_WIDTHD" = "4"
    Info (12134): Parameter "LPM_NREPRESENTATION" = "UNSIGNED"
    Info (12134): Parameter "LPM_DREPRESENTATION" = "UNSIGNED"
Info (12021): Found 1 design units, including 1 entities, in source file db/lpm_divide_2jm.tdf
    Info (12023): Found entity 1: lpm_divide_2jm File: C:/Users/lance/Desktop/QuartusWorkSpace/sj2_t5/db/lpm_divide_2jm.tdf Line: 24
Warning (13024): Output pins are stuck at VCC or GND
    Warning (13410): Pin "result1[3]" is stuck at GND File: C:/Users/lance/Desktop/QuartusWorkSpace/sj2_t5/main.v Line: 10
Info (286030): Timing-Driven Synthesis is running
Info (17016): Found the following redundant logic cells in design
    Info (17048): Logic cell "lpm_divide:Mod0|lpm_divide_5bm:auto_generated|sign_div_unsign_qlh:divider|alt_u_div_87f:divider|add_sub_12_result_int[0]~10" File: C:/Users/lance/Desktop/QuartusWorkSpace/sj2_t5/db/alt_u_div_87f.tdf Line: 46
    Info (17048): Logic cell "lpm_divide:Mod0|lpm_divide_5bm:auto_generated|sign_div_unsign_qlh:divider|alt_u_div_87f:divider|add_sub_13_result_int[0]~10" File: C:/Users/lance/Desktop/QuartusWorkSpace/sj2_t5/db/alt_u_div_87f.tdf Line: 51
    Info (17048): Logic cell "lpm_divide:Mod0|lpm_divide_5bm:auto_generated|sign_div_unsign_qlh:divider|alt_u_div_87f:divider|add_sub_14_result_int[0]~10" File: C:/Users/lance/Desktop/QuartusWorkSpace/sj2_t5/db/alt_u_div_87f.tdf Line: 56
    Info (17048): Logic cell "lpm_divide:Mod0|lpm_divide_5bm:auto_generated|sign_div_unsign_qlh:divider|alt_u_div_87f:divider|add_sub_15_result_int[0]~10" File: C:/Users/lance/Desktop/QuartusWorkSpace/sj2_t5/db/alt_u_div_87f.tdf Line: 61
    Info (17048): Logic cell "lpm_divide:Mod1|lpm_divide_5bm:auto_generated|sign_div_unsign_qlh:divider|alt_u_div_87f:divider|add_sub_9_result_int[0]~10" File: C:/Users/lance/Desktop/QuartusWorkSpace/sj2_t5/db/alt_u_div_87f.tdf Line: 101
    Info (17048): Logic cell "lpm_divide:Mod1|lpm_divide_5bm:auto_generated|sign_div_unsign_qlh:divider|alt_u_div_87f:divider|add_sub_10_result_int[0]~10" File: C:/Users/lance/Desktop/QuartusWorkSpace/sj2_t5/db/alt_u_div_87f.tdf Line: 36
    Info (17048): Logic cell "lpm_divide:Mod1|lpm_divide_5bm:auto_generated|sign_div_unsign_qlh:divider|alt_u_div_87f:divider|add_sub_11_result_int[0]~10" File: C:/Users/lance/Desktop/QuartusWorkSpace/sj2_t5/db/alt_u_div_87f.tdf Line: 41
    Info (17048): Logic cell "lpm_divide:Mod1|lpm_divide_5bm:auto_generated|sign_div_unsign_qlh:divider|alt_u_div_87f:divider|add_sub_12_result_int[0]~10" File: C:/Users/lance/Desktop/QuartusWorkSpace/sj2_t5/db/alt_u_div_87f.tdf Line: 46
    Info (17048): Logic cell "lpm_divide:Mod1|lpm_divide_5bm:auto_generated|sign_div_unsign_qlh:divider|alt_u_div_87f:divider|add_sub_13_result_int[0]~10" File: C:/Users/lance/Desktop/QuartusWorkSpace/sj2_t5/db/alt_u_div_87f.tdf Line: 51
    Info (17048): Logic cell "lpm_divide:Mod1|lpm_divide_5bm:auto_generated|sign_div_unsign_qlh:divider|alt_u_div_87f:divider|add_sub_14_result_int[0]~10" File: C:/Users/lance/Desktop/QuartusWorkSpace/sj2_t5/db/alt_u_div_87f.tdf Line: 56
    Info (17048): Logic cell "lpm_divide:Mod1|lpm_divide_5bm:auto_generated|sign_div_unsign_qlh:divider|alt_u_div_87f:divider|add_sub_15_result_int[0]~10" File: C:/Users/lance/Desktop/QuartusWorkSpace/sj2_t5/db/alt_u_div_87f.tdf Line: 61
    Info (17048): Logic cell "lpm_divide:Mod2|lpm_divide_5bm:auto_generated|sign_div_unsign_qlh:divider|alt_u_div_87f:divider|add_sub_15_result_int[0]~0" File: C:/Users/lance/Desktop/QuartusWorkSpace/sj2_t5/db/alt_u_div_87f.tdf Line: 61
    Info (17048): Logic cell "lpm_divide:Mod2|lpm_divide_5bm:auto_generated|sign_div_unsign_qlh:divider|alt_u_div_87f:divider|add_sub_6_result_int[0]~10" File: C:/Users/lance/Desktop/QuartusWorkSpace/sj2_t5/db/alt_u_div_87f.tdf Line: 86
    Info (17048): Logic cell "lpm_divide:Mod2|lpm_divide_5bm:auto_generated|sign_div_unsign_qlh:divider|alt_u_div_87f:divider|add_sub_7_result_int[0]~10" File: C:/Users/lance/Desktop/QuartusWorkSpace/sj2_t5/db/alt_u_div_87f.tdf Line: 91
    Info (17048): Logic cell "lpm_divide:Mod2|lpm_divide_5bm:auto_generated|sign_div_unsign_qlh:divider|alt_u_div_87f:divider|add_sub_8_result_int[0]~10" File: C:/Users/lance/Desktop/QuartusWorkSpace/sj2_t5/db/alt_u_div_87f.tdf Line: 96
    Info (17048): Logic cell "lpm_divide:Mod2|lpm_divide_5bm:auto_generated|sign_div_unsign_qlh:divider|alt_u_div_87f:divider|add_sub_9_result_int[0]~10" File: C:/Users/lance/Desktop/QuartusWorkSpace/sj2_t5/db/alt_u_div_87f.tdf Line: 101
    Info (17048): Logic cell "lpm_divide:Mod2|lpm_divide_5bm:auto_generated|sign_div_unsign_qlh:divider|alt_u_div_87f:divider|add_sub_10_result_int[0]~10" File: C:/Users/lance/Desktop/QuartusWorkSpace/sj2_t5/db/alt_u_div_87f.tdf Line: 36
    Info (17048): Logic cell "lpm_divide:Mod2|lpm_divide_5bm:auto_generated|sign_div_unsign_qlh:divider|alt_u_div_87f:divider|add_sub_11_result_int[0]~10" File: C:/Users/lance/Desktop/QuartusWorkSpace/sj2_t5/db/alt_u_div_87f.tdf Line: 41
    Info (17048): Logic cell "lpm_divide:Mod2|lpm_divide_5bm:auto_generated|sign_div_unsign_qlh:divider|alt_u_div_87f:divider|add_sub_12_result_int[0]~10" File: C:/Users/lance/Desktop/QuartusWorkSpace/sj2_t5/db/alt_u_div_87f.tdf Line: 46
    Info (17048): Logic cell "lpm_divide:Mod2|lpm_divide_5bm:auto_generated|sign_div_unsign_qlh:divider|alt_u_div_87f:divider|add_sub_13_result_int[0]~10" File: C:/Users/lance/Desktop/QuartusWorkSpace/sj2_t5/db/alt_u_div_87f.tdf Line: 51
    Info (17048): Logic cell "lpm_divide:Mod2|lpm_divide_5bm:auto_generated|sign_div_unsign_qlh:divider|alt_u_div_87f:divider|add_sub_14_result_int[0]~10" File: C:/Users/lance/Desktop/QuartusWorkSpace/sj2_t5/db/alt_u_div_87f.tdf Line: 56
Info (16010): Generating hard_block partition "hard_block:auto_generated_inst"
    Info (16011): Adding 0 node(s), including 0 DDIO, 0 PLL, 0 transceiver and 0 LCELL
Info (21057): Implemented 1373 device resources after synthesis - the final resource count might be different
    Info (21058): Implemented 16 input pins
    Info (21059): Implemented 71 output pins
    Info (21061): Implemented 1286 logic cells
Info: Quartus Prime Analysis & Synthesis was successful. 0 errors, 27 warnings
    Info: Peak virtual memory: 4782 megabytes
    Info: Processing ended: Fri Oct 16 20:02:49 2020
    Info: Elapsed time: 00:00:27
    Info: Total CPU time (on all processors): 00:00:51


